Archive member included to satisfy reference by file (symbol)

/opt/st/stm32cubeide_1.15.0/plugins/com.st.stm32cube.ide.mcu.externaltools.gnu-tools-for-stm32.12.3.rel1.linux64_1.0.100.202403111256/tools/bin/../lib/gcc/arm-none-eabi/12.3.1/../../../../arm-none-eabi/lib/thumb/v7e-m/nofp/libc_nano.a(libc_a-exit.o)
                              /opt/st/stm32cubeide_1.15.0/plugins/com.st.stm32cube.ide.mcu.externaltools.gnu-tools-for-stm32.12.3.rel1.linux64_1.0.100.202403111256/tools/bin/../lib/gcc/arm-none-eabi/12.3.1/../../../../arm-none-eabi/lib/thumb/v7e-m/nofp/crt0.o (exit)
/opt/st/stm32cubeide_1.15.0/plugins/com.st.stm32cube.ide.mcu.externaltools.gnu-tools-for-stm32.12.3.rel1.linux64_1.0.100.202403111256/tools/bin/../lib/gcc/arm-none-eabi/12.3.1/../../../../arm-none-eabi/lib/thumb/v7e-m/nofp/libc_nano.a(libc_a-findfp.o)
                              /opt/st/stm32cubeide_1.15.0/plugins/com.st.stm32cube.ide.mcu.externaltools.gnu-tools-for-stm32.12.3.rel1.linux64_1.0.100.202403111256/tools/bin/../lib/gcc/arm-none-eabi/12.3.1/../../../../arm-none-eabi/lib/thumb/v7e-m/nofp/libc_nano.a(libc_a-exit.o) (__stdio_exit_handler)
/opt/st/stm32cubeide_1.15.0/plugins/com.st.stm32cube.ide.mcu.externaltools.gnu-tools-for-stm32.12.3.rel1.linux64_1.0.100.202403111256/tools/bin/../lib/gcc/arm-none-eabi/12.3.1/../../../../arm-none-eabi/lib/thumb/v7e-m/nofp/libc_nano.a(libc_a-fwalk.o)
                              /opt/st/stm32cubeide_1.15.0/plugins/com.st.stm32cube.ide.mcu.externaltools.gnu-tools-for-stm32.12.3.rel1.linux64_1.0.100.202403111256/tools/bin/../lib/gcc/arm-none-eabi/12.3.1/../../../../arm-none-eabi/lib/thumb/v7e-m/nofp/libc_nano.a(libc_a-findfp.o) (_fwalk_sglue)
/opt/st/stm32cubeide_1.15.0/plugins/com.st.stm32cube.ide.mcu.externaltools.gnu-tools-for-stm32.12.3.rel1.linux64_1.0.100.202403111256/tools/bin/../lib/gcc/arm-none-eabi/12.3.1/../../../../arm-none-eabi/lib/thumb/v7e-m/nofp/libc_nano.a(libc_a-stdio.o)
                              /opt/st/stm32cubeide_1.15.0/plugins/com.st.stm32cube.ide.mcu.externaltools.gnu-tools-for-stm32.12.3.rel1.linux64_1.0.100.202403111256/tools/bin/../lib/gcc/arm-none-eabi/12.3.1/../../../../arm-none-eabi/lib/thumb/v7e-m/nofp/libc_nano.a(libc_a-findfp.o) (__sread)
/opt/st/stm32cubeide_1.15.0/plugins/com.st.stm32cube.ide.mcu.externaltools.gnu-tools-for-stm32.12.3.rel1.linux64_1.0.100.202403111256/tools/bin/../lib/gcc/arm-none-eabi/12.3.1/../../../../arm-none-eabi/lib/thumb/v7e-m/nofp/libc_nano.a(libc_a-memset.o)
                              /opt/st/stm32cubeide_1.15.0/plugins/com.st.stm32cube.ide.mcu.externaltools.gnu-tools-for-stm32.12.3.rel1.linux64_1.0.100.202403111256/tools/bin/../lib/gcc/arm-none-eabi/12.3.1/../../../../arm-none-eabi/lib/thumb/v7e-m/nofp/crt0.o (memset)
/opt/st/stm32cubeide_1.15.0/plugins/com.st.stm32cube.ide.mcu.externaltools.gnu-tools-for-stm32.12.3.rel1.linux64_1.0.100.202403111256/tools/bin/../lib/gcc/arm-none-eabi/12.3.1/../../../../arm-none-eabi/lib/thumb/v7e-m/nofp/libc_nano.a(libc_a-closer.o)
                              /opt/st/stm32cubeide_1.15.0/plugins/com.st.stm32cube.ide.mcu.externaltools.gnu-tools-for-stm32.12.3.rel1.linux64_1.0.100.202403111256/tools/bin/../lib/gcc/arm-none-eabi/12.3.1/../../../../arm-none-eabi/lib/thumb/v7e-m/nofp/libc_nano.a(libc_a-stdio.o) (_close_r)
/opt/st/stm32cubeide_1.15.0/plugins/com.st.stm32cube.ide.mcu.externaltools.gnu-tools-for-stm32.12.3.rel1.linux64_1.0.100.202403111256/tools/bin/../lib/gcc/arm-none-eabi/12.3.1/../../../../arm-none-eabi/lib/thumb/v7e-m/nofp/libc_nano.a(libc_a-reent.o)
                              /opt/st/stm32cubeide_1.15.0/plugins/com.st.stm32cube.ide.mcu.externaltools.gnu-tools-for-stm32.12.3.rel1.linux64_1.0.100.202403111256/tools/bin/../lib/gcc/arm-none-eabi/12.3.1/../../../../arm-none-eabi/lib/thumb/v7e-m/nofp/libc_nano.a(libc_a-closer.o) (errno)
/opt/st/stm32cubeide_1.15.0/plugins/com.st.stm32cube.ide.mcu.externaltools.gnu-tools-for-stm32.12.3.rel1.linux64_1.0.100.202403111256/tools/bin/../lib/gcc/arm-none-eabi/12.3.1/../../../../arm-none-eabi/lib/thumb/v7e-m/nofp/libc_nano.a(libc_a-impure.o)
                              /opt/st/stm32cubeide_1.15.0/plugins/com.st.stm32cube.ide.mcu.externaltools.gnu-tools-for-stm32.12.3.rel1.linux64_1.0.100.202403111256/tools/bin/../lib/gcc/arm-none-eabi/12.3.1/../../../../arm-none-eabi/lib/thumb/v7e-m/nofp/libc_nano.a(libc_a-reent.o) (_impure_ptr)
/opt/st/stm32cubeide_1.15.0/plugins/com.st.stm32cube.ide.mcu.externaltools.gnu-tools-for-stm32.12.3.rel1.linux64_1.0.100.202403111256/tools/bin/../lib/gcc/arm-none-eabi/12.3.1/../../../../arm-none-eabi/lib/thumb/v7e-m/nofp/libc_nano.a(libc_a-lseekr.o)
                              /opt/st/stm32cubeide_1.15.0/plugins/com.st.stm32cube.ide.mcu.externaltools.gnu-tools-for-stm32.12.3.rel1.linux64_1.0.100.202403111256/tools/bin/../lib/gcc/arm-none-eabi/12.3.1/../../../../arm-none-eabi/lib/thumb/v7e-m/nofp/libc_nano.a(libc_a-stdio.o) (_lseek_r)
[...]
Memory Configuration

Name             Origin             Length             Attributes
CCMRAM           0x10000000         0x00010000         xrw
RAM              0x20000000         0x00020000         xrw
FLASH            0x08000000         0x00100000         xr
*default*        0x00000000         0xffffffff

Linker script and memory map

LOAD /opt/st/stm32cubeide_1.15.0/plugins/com.st.stm32cube.ide.mcu.externaltools.gnu-tools-for-stm32.12.3.rel1.linux64_1.0.100.202403111256/tools/bin/../lib/gcc/arm-none-eabi/12.3.1/thumb/v7e-m/nofp/crti.o
LOAD /opt/st/stm32cubeide_1.15.0/plugins/com.st.stm32cube.ide.mcu.externaltools.gnu-tools-for-stm32.12.3.rel1.linux64_1.0.100.202403111256/tools/bin/../lib/gcc/arm-none-eabi/12.3.1/thumb/v7e-m/nofp/crtbegin.o
LOAD /opt/st/stm32cubeide_1.15.0/plugins/com.st.stm32cube.ide.mcu.externaltools.gnu-tools-for-stm32.12.3.rel1.linux64_1.0.100.202403111256/tools/bin/../lib/gcc/arm-none-eabi/12.3.1/../../../../arm-none-eabi/lib/thumb/v7e-m/nofp/crt0.o
LOAD ./Src/eeprom.o
LOAD ./Src/i2c.o
LOAD ./Src/itm.o
LOAD ./Src/main.o
LOAD ./Src/syscalls.o
LOAD ./Src/sysmem.o
LOAD ./Src/system_stm32f4xx.o
LOAD ./Src/uart.o
LOAD ./Startup/startup_stm32f407vgtx.o
START GROUP
LOAD /opt/st/stm32cubeide_1.15.0/plugins/com.st.stm32cube.ide.mcu.externaltools.gnu-tools-for-stm32.12.3.rel1.linux64_1.0.100.202403111256/tools/bin/../lib/gcc/arm-none-eabi/12.3.1/../../../../arm-none-eabi/lib/thumb/v7e-m/nofp/libc_nano.a
LOAD /opt/st/stm32cubeide_1.15.0/plugins/com.st.stm32cube.ide.mcu.externaltools.gnu-tools-for-stm32.12.3.rel1.linux64_1.0.100.202403111256/tools/bin/../lib/gcc/arm-none-eabi/12.3.1/../../../../arm-none-eabi/lib/thumb/v7e-m/nofp/libm.a
END GROUP
START GROUP
LOAD /opt/st/stm32cubeide_1.15.0/plugins/com.st.stm32cube.ide.mcu.externaltools.gnu-tools-for-stm32.12.3.rel1.linux64_1.0.100.202403111256/tools/bin/../lib/gcc/arm-none-eabi/12.3.1/thumb/v7e-m/nofp/libgcc.a
LOAD /opt/st/stm32cubeide_1.15.0/plugins/com.st.stm32cube.ide.mcu.externaltools.gnu-tools-for-stm32.12.3.rel1.linux64_1.0.100.202403111256/tools/bin/../lib/gcc/arm-none-eabi/12.3.1/../../../../arm-none-eabi/lib/thumb/v7e-m/nofp/libc_nano.a
END GROUP
START GROUP
LOAD /opt/st/stm32cubeide_1.15.0/plugins/com.st.stm32cube.ide.mcu.externaltools.gnu-tools-for-stm32.12.3.rel1.linux64_1.0.100.202403111256/tools/bin/../lib/gcc/arm-none-eabi/12.3.1/thumb/v7e-m/nofp/libgcc.a
LOAD /opt/st/stm32cubeide_1.15.0/plugins/com.st.stm32cube.ide.mcu.externaltools.gnu-tools-for-stm32.12.3.rel1.linux64_1.0.100.202403111256/tools/bin/../lib/gcc/arm-none-eabi/12.3.1/../../../../arm-none-eabi/lib/thumb/v7e-m/nofp/libc_nano.a
LOAD /opt/st/stm32cubeide_1.15.0/plugins/com.st.stm32cube.ide.mcu.externaltools.gnu-tools-for-stm32.12.3.rel1.linux64_1.0.100.202403111256/tools/bin/../lib/gcc/arm-none-eabi/12.3.1/../../../../arm-none-eabi/lib/thumb/v7e-m/nofp/libnosys.a
END GROUP
START GROUP
LOAD /opt/st/stm32cubeide_1.15.0/plugins/com.st.stm32cube.ide.mcu.externaltools.gnu-tools-for-stm32.12.3.rel1.linux64_1.0.100.202403111256/tools/bin/../lib/gcc/arm-none-eabi/12.3.1/thumb/v7e-m/nofp/libgcc.a
LOAD /opt/st/stm32cubeide_1.15.0/plugins/com.st.stm32cube.ide.mcu.externaltools.gnu-tools-for-stm32.12.3.rel1.linux64_1.0.100.202403111256/tools/bin/../lib/gcc/arm-none-eabi/12.3.1/../../../../arm-none-eabi/lib/thumb/v7e-m/nofp/libc_nano.a
LOAD /opt/st/stm32cubeide_1.15.0/plugins/com.st.stm32cube.ide.mcu.externaltools.gnu-tools-for-stm32.12.3.rel1.linux64_1.0.100.202403111256/tools/bin/../lib/gcc/arm-none-eabi/12.3.1/../../../../arm-none-eabi/lib/thumb/v7e-m/nofp/libnosys.a
END GROUP
LOAD /opt/st/stm32cubeide_1.15.0/plugins/com.st.stm32cube.ide.mcu.externaltools.gnu-tools-for-stm32.12.3.rel1.linux64_1.0.100.202403111256/tools/bin/../lib/gcc/arm-none-eabi/12.3.1/thumb/v7e-m/nofp/crtend.o
LOAD /opt/st/stm32cubeide_1.15.0/plugins/com.st.stm32cube.ide.mcu.externaltools.gnu-tools-for-stm32.12.3.rel1.linux64_1.0.100.202403111256/tools/bin/../lib/gcc/arm-none-eabi/12.3.1/thumb/v7e-m/nofp/crtn.o
                0x20020000                        _estack = (ORIGIN (RAM) + LENGTH (RAM))
                0x00000200                        _Min_Heap_Size = 0x200
                0x00000400                        _Min_Stack_Size = 0x400

.isr_vector     0x08000000      0x188
                0x08000000                        . = ALIGN (0x4)
 *(.isr_vector)
 .isr_vector    0x08000000      0x188 ./Startup/startup_stm32f407vgtx.o
                0x08000000                g_pfnVectors
                0x08000188                        . = ALIGN (0x4)

.text           0x08000188      0x7bc
                0x08000188                        . = ALIGN (0x4)
 *(.text)
 .text          0x08000188       0x40 /opt/st/stm32cubeide_1.15.0/plugins/com.st.stm32cube.ide.mcu.externaltools.gnu-tools-for-stm32.12.3.rel1.linux64_1.0.100.202403111256/tools/bin/../lib/gcc/arm-none-eabi/12.3.1/thumb/v7e-m/nofp/crtbegin.o
 *(.text*)
 .text.EEPROM_Init
                0x080001c8       0x22 ./Src/eeprom.o
                0x080001c8                EEPROM_Init
 .text.EEPROM_Write
                0x080001ea       0x64 ./Src/eeprom.o
                0x080001ea                EEPROM_Write
 .text.EEPROM_Read
                0x0800024e       0x7e ./Src/eeprom.o
                0x0800024e                EEPROM_Read
 .text.DelayMs  0x080002cc       0x50 ./Src/i2c.o
 .text.I2CStart
                0x0800031c       0x2c ./Src/i2c.o
                0x0800031c                I2CStart
 .text.I2CRepeatStart
                0x08000348        0xc ./Src/i2c.o
                0x08000348                I2CRepeatStart
 .text.I2CStop  0x08000354       0x2c ./Src/i2c.o
                0x08000354                I2CStop
 .text.I2CSendSlaveAddress
                0x08000380       0x34 ./Src/i2c.o
                0x08000380                I2CSendSlaveAddress
 .text.I2CSendData
                0x080003b4       0x3c ./Src/i2c.o
                0x080003b4                I2CSendData
 .text.I2CRecvDataAck
                0x080003f0       0x38 ./Src/i2c.o
                0x080003f0                I2CRecvDataAck
 .text.I2CRecvDataNAck
                0x08000428       0x38 ./Src/i2c.o
                0x08000428                I2CRecvDataNAck
 .text.I2CIsDeviceReady
                0x08000460       0x3c ./Src/i2c.o
                0x08000460                I2CIsDeviceReady
 .text.I2CInit  0x0800049c      0x120 ./Src/i2c.o
                0x0800049c                I2CInit
 .text.main     0x080005bc       0xb0 ./Src/main.o
                0x080005bc                main
 .text.SystemInit
                0x0800066c        0xc ./Src/system_stm32f4xx.o
                0x0800066c                SystemInit
 .text.DWT_Init
                0x08000678       0x60 ./Src/system_stm32f4xx.o
                0x08000678                DWT_Init
 .text.UartInit
                0x080006d8       0xdc ./Src/uart.o
                0x080006d8                UartInit
 .text.UartPutch
                0x080007b4       0x2c ./Src/uart.o
                0x080007b4                UartPutch
 .text.UartGetch
                0x080007e0       0x2c ./Src/uart.o
                0x080007e0                UartGetch
 .text.UartPuts
                0x0800080c       0x38 ./Src/uart.o
                0x0800080c                UartPuts
 .text.UartGets
                0x08000844       0x4c ./Src/uart.o
                0x08000844                UartGets
 .text.Reset_Handler
                0x08000890       0x50 ./Startup/startup_stm32f407vgtx.o
                0x08000890                Reset_Handler
 .text.Default_Handler
                0x080008e0        0x2 ./Startup/startup_stm32f407vgtx.o
                0x080008e0                RTC_Alarm_IRQHandler
                0x080008e0                HASH_RNG_IRQHandler
                0x080008e0                EXTI2_IRQHandler
                0x080008e0                TIM8_CC_IRQHandler
                0x080008e0                DebugMon_Handler
                0x080008e0                TIM1_CC_IRQHandler
                0x080008e0                DMA2_Stream5_IRQHandler
                0x080008e0                HardFault_Handler
                0x080008e0                DMA1_Stream5_IRQHandler
                0x080008e0                SysTick_Handler
                0x080008e0                PVD_IRQHandler
                0x080008e0                SDIO_IRQHandler
                0x080008e0                TAMP_STAMP_IRQHandler
                0x080008e0                PendSV_Handler
                0x080008e0                NMI_Handler
                0x080008e0                CAN2_RX1_IRQHandler
                0x080008e0                EXTI3_IRQHandler
                0x080008e0                TIM8_TRG_COM_TIM14_IRQHandler
                0x080008e0                TIM1_UP_TIM10_IRQHandler
                0x080008e0                TIM8_UP_TIM13_IRQHandler
                0x080008e0                I2C3_ER_IRQHandler
                0x080008e0                EXTI0_IRQHandler
                0x080008e0                I2C2_EV_IRQHandler
                0x080008e0                DMA1_Stream2_IRQHandler
                0x080008e0                CAN1_RX0_IRQHandler
                0x080008e0                FPU_IRQHandler
                0x080008e0                OTG_HS_WKUP_IRQHandler
                0x080008e0                UsageFault_Handler
                0x080008e0                CAN2_SCE_IRQHandler
                0x080008e0                DMA2_Stream2_IRQHandler
                0x080008e0                SPI1_IRQHandler
                0x080008e0                TIM6_DAC_IRQHandler
                0x080008e0                TIM1_BRK_TIM9_IRQHandler
                0x080008e0                DCMI_IRQHandler
                0x080008e0                CAN2_RX0_IRQHandler
                0x080008e0                DMA2_Stream3_IRQHandler
                0x080008e0                USART6_IRQHandler
                0x080008e0                USART3_IRQHandler
                0x080008e0                CRYP_IRQHandler
                0x080008e0                CAN1_RX1_IRQHandler
                0x080008e0                UART5_IRQHandler
                0x080008e0                DMA2_Stream0_IRQHandler
                0x080008e0                TIM4_IRQHandler
                0x080008e0                I2C1_EV_IRQHandler
                0x080008e0                DMA1_Stream6_IRQHandler
                0x080008e0                DMA1_Stream1_IRQHandler
                0x080008e0                UART4_IRQHandler
                0x080008e0                TIM3_IRQHandler
                0x080008e0                RCC_IRQHandler
                0x080008e0                TIM8_BRK_TIM12_IRQHandler
                0x080008e0                Default_Handler
                0x080008e0                EXTI15_10_IRQHandler
                0x080008e0                ADC_IRQHandler
                0x080008e0                DMA1_Stream7_IRQHandler
                0x080008e0                TIM7_IRQHandler
                0x080008e0                CAN2_TX_IRQHandler
                0x080008e0                TIM5_IRQHandler
                0x080008e0                DMA2_Stream7_IRQHandler
                0x080008e0                I2C3_EV_IRQHandler
                0x080008e0                EXTI9_5_IRQHandler
                0x080008e0                RTC_WKUP_IRQHandler
                0x080008e0                ETH_WKUP_IRQHandler
                0x080008e0                SPI2_IRQHandler
                0x080008e0                OTG_HS_EP1_IN_IRQHandler
                0x080008e0                MemManage_Handler
                0x080008e0                DMA1_Stream0_IRQHandler
                0x080008e0                CAN1_TX_IRQHandler
                0x080008e0                SVC_Handler
                0x080008e0                EXTI4_IRQHandler
                0x080008e0                FSMC_IRQHandler
                0x080008e0                ETH_IRQHandler
                0x080008e0                OTG_HS_EP1_OUT_IRQHandler
                0x080008e0                WWDG_IRQHandler
                0x080008e0                TIM2_IRQHandler
                0x080008e0                OTG_FS_WKUP_IRQHandler
                0x080008e0                TIM1_TRG_COM_TIM11_IRQHandler
                0x080008e0                OTG_HS_IRQHandler
                0x080008e0                EXTI1_IRQHandler
                0x080008e0                USART2_IRQHandler
                0x080008e0                I2C2_ER_IRQHandler
                0x080008e0                DMA2_Stream1_IRQHandler
                0x080008e0                CAN1_SCE_IRQHandler
                0x080008e0                DMA2_Stream4_IRQHandler
                0x080008e0                BusFault_Handler
                0x080008e0                USART1_IRQHandler
                0x080008e0                OTG_FS_IRQHandler
                0x080008e0                SPI3_IRQHandler
                0x080008e0                DMA1_Stream4_IRQHandler
                0x080008e0                I2C1_ER_IRQHandler
                0x080008e0                DMA2_Stream6_IRQHandler
                0x080008e0                DMA1_Stream3_IRQHandler
 *fill*         0x080008e2        0x2 
 .text.__libc_init_array
                0x080008e4       0x48 /opt/st/stm32cubeide_1.15.0/plugins/com.st.stm32cube.ide.mcu.externaltools.gnu-tools-for-stm32.12.3.rel1.linux64_1.0.100.202403111256/tools/bin/../lib/gcc/arm-none-eabi/12.3.1/../../../../arm-none-eabi/lib/thumb/v7e-m/nofp/libc_nano.a(libc_a-init.o)
                0x080008e4                __libc_init_array
 *(.glue_7)
 .glue_7        0x0800092c        0x0 linker stubs
 *(.glue_7t)
 .glue_7t       0x0800092c        0x0 linker stubs
 *(.eh_frame)
 .eh_frame      0x0800092c        0x0 /opt/st/stm32cubeide_1.15.0/plugins/com.st.stm32cube.ide.mcu.externaltools.gnu-tools-for-stm32.12.3.rel1.linux64_1.0.100.202403111256/tools/bin/../lib/gcc/arm-none-eabi/12.3.1/thumb/v7e-m/nofp/crtbegin.o
 *(.init)
 .init          0x0800092c        0x4 /opt/st/stm32cubeide_1.15.0/plugins/com.st.stm32cube.ide.mcu.externaltools.gnu-tools-for-stm32.12.3.rel1.linux64_1.0.100.202403111256/tools/bin/../lib/gcc/arm-none-eabi/12.3.1/thumb/v7e-m/nofp/crti.o
                0x0800092c                _init
 .init          0x08000930        0x8 /opt/st/stm32cubeide_1.15.0/plugins/com.st.stm32cube.ide.mcu.externaltools.gnu-tools-for-stm32.12.3.rel1.linux64_1.0.100.202403111256/tools/bin/../lib/gcc/arm-none-eabi/12.3.1/thumb/v7e-m/nofp/crtn.o
 *(.fini)
 .fini          0x08000938        0x4 /opt/st/stm32cubeide_1.15.0/plugins/com.st.stm32cube.ide.mcu.externaltools.gnu-tools-for-stm32.12.3.rel1.linux64_1.0.100.202403111256/tools/bin/../lib/gcc/arm-none-eabi/12.3.1/thumb/v7e-m/nofp/crti.o
                0x08000938                _fini
 .fini          0x0800093c        0x8 /opt/st/stm32cubeide_1.15.0/plugins/com.st.stm32cube.ide.mcu.externaltools.gnu-tools-for-stm32.12.3.rel1.linux64_1.0.100.202403111256/tools/bin/../lib/gcc/arm-none-eabi/12.3.1/thumb/v7e-m/nofp/crtn.o
                0x08000944                        . = ALIGN (0x4)
                0x08000944                        _etext = .

.vfp11_veneer   0x08000944        0x0
 .vfp11_veneer  0x08000944        0x0 linker stubs

.v4_bx          0x08000944        0x0
 .v4_bx         0x08000944        0x0 linker stubs

.iplt           0x08000944        0x0
 .iplt          0x08000944        0x0 /opt/st/stm32cubeide_1.15.0/plugins/com.st.stm32cube.ide.mcu.externaltools.gnu-tools-for-stm32.12.3.rel1.linux64_1.0.100.202403111256/tools/bin/../lib/gcc/arm-none-eabi/12.3.1/thumb/v7e-m/nofp/crtbegin.o

.rodata         0x08000944       0x54
                0x08000944                        . = ALIGN (0x4)
 *(.rodata)
 .rodata        0x08000944       0x53 ./Src/main.o
 *(.rodata*)
                0x08000998                        . = ALIGN (0x4)
 *fill*         0x08000997        0x1 

.ARM.extab      0x08000998        0x0
                0x08000998                        . = ALIGN (0x4)
 *(.ARM.extab* .gnu.linkonce.armextab.*)
                0x08000998                        . = ALIGN (0x4)

.ARM            0x08000998        0x0
                0x08000998                        . = ALIGN (0x4)
                0x08000998                        __exidx_start = .
 *(.ARM.exidx*)
                0x08000998                        __exidx_end = .
                0x08000998                        . = ALIGN (0x4)

.preinit_array  0x08000998        0x0
                0x08000998                        . = ALIGN (0x4)
                0x08000998                        PROVIDE (__preinit_array_start = .)
 *(.preinit_array*)
                0x08000998                        PROVIDE (__preinit_array_end = .)
                0x08000998                        . = ALIGN (0x4)

.init_array     0x08000998        0x4
                0x08000998                        . = ALIGN (0x4)
                0x08000998                        PROVIDE (__init_array_start = .)
 *(SORT_BY_NAME(.init_array.*))
 *(.init_array*)
 .init_array    0x08000998        0x4 /opt/st/stm32cubeide_1.15.0/plugins/com.st.stm32cube.ide.mcu.externaltools.gnu-tools-for-stm32.12.3.rel1.linux64_1.0.100.202403111256/tools/bin/../lib/gcc/arm-none-eabi/12.3.1/thumb/v7e-m/nofp/crtbegin.o
                0x0800099c                        PROVIDE (__init_array_end = .)
                0x0800099c                        . = ALIGN (0x4)

.fini_array     0x0800099c        0x4
                0x0800099c                        . = ALIGN (0x4)
                [!provide]                        PROVIDE (__fini_array_start = .)
 *(SORT_BY_NAME(.fini_array.*))
 *(.fini_array*)
 .fini_array    0x0800099c        0x4 /opt/st/stm32cubeide_1.15.0/plugins/com.st.stm32cube.ide.mcu.externaltools.gnu-tools-for-stm32.12.3.rel1.linux64_1.0.100.202403111256/tools/bin/../lib/gcc/arm-none-eabi/12.3.1/thumb/v7e-m/nofp/crtbegin.o
                [!provide]                        PROVIDE (__fini_array_end = .)
                0x080009a0                        . = ALIGN (0x4)
                0x080009a0                        _sidata = LOADADDR (.data)

.rel.dyn        0x080009a0        0x0
 .rel.iplt      0x080009a0        0x0 /opt/st/stm32cubeide_1.15.0/plugins/com.st.stm32cube.ide.mcu.externaltools.gnu-tools-for-stm32.12.3.rel1.linux64_1.0.100.202403111256/tools/bin/../lib/gcc/arm-none-eabi/12.3.1/thumb/v7e-m/nofp/crtbegin.o

.data           0x20000000        0x4 load address 0x080009a0
                0x20000000                        . = ALIGN (0x4)
                0x20000000                        _sdata = .
 *(.data)
 *(.data*)
 .data.SystemCoreClock
                0x20000000        0x4 ./Src/system_stm32f4xx.o
                0x20000000                SystemCoreClock
 *(.RamFunc)
 *(.RamFunc*)
                0x20000004                        . = ALIGN (0x4)
                0x20000004                        _edata = .
                0x080009a4                        _siccmram = LOADADDR (.ccmram)

.igot.plt       0x20000004        0x0 load address 0x080009a4
 .igot.plt      0x20000004        0x0 /opt/st/stm32cubeide_1.15.0/plugins/com.st.stm32cube.ide.mcu.externaltools.gnu-tools-for-stm32.12.3.rel1.linux64_1.0.100.202403111256/tools/bin/../lib/gcc/arm-none-eabi/12.3.1/thumb/v7e-m/nofp/crtbegin.o

.ccmram         0x10000000        0x0 load address 0x080009a4
                0x10000000                        . = ALIGN (0x4)
                0x10000000                        _sccmram = .
 *(.ccmram)
 *(.ccmram*)
                0x10000000                        . = ALIGN (0x4)
                0x10000000                        _eccmram = .
                0x10000000                        . = ALIGN (0x4)

.bss            0x20000004       0x1c
                0x20000004                        _sbss = .
                0x20000004                        __bss_start__ = _sbss
 *(.bss)
 .bss           0x20000004       0x1c /opt/st/stm32cubeide_1.15.0/plugins/com.st.stm32cube.ide.mcu.externaltools.gnu-tools-for-stm32.12.3.rel1.linux64_1.0.100.202403111256/tools/bin/../lib/gcc/arm-none-eabi/12.3.1/thumb/v7e-m/nofp/crtbegin.o
 *(.bss*)
 *(COMMON)
                0x20000020                        . = ALIGN (0x4)
                0x20000020                        _ebss = .
                0x20000020                        __bss_end__ = _ebss

._user_heap_stack
                0x20000020      0x600
                0x20000020                        . = ALIGN (0x8)
                [!provide]                        PROVIDE (end = .)
                0x20000020                        PROVIDE (_end = .)
                0x20000220                        . = (. + _Min_Heap_Size)
 *fill*         0x20000020      0x200 
                0x20000620                        . = (. + _Min_Stack_Size)
 *fill*         0x20000220      0x400 
                0x20000620                        . = ALIGN (0x8)

/DISCARD/
 libc.a(*)
 libm.a(*)
 libgcc.a(*)

.ARM.attributes
                0x00000000       0x2a
 *(.ARM.attributes)
 .ARM.attributes
                0x00000000       0x1e /opt/st/stm32cubeide_1.15.0/plugins/com.st.stm32cube.ide.mcu.externaltools.gnu-tools-for-stm32.12.3.rel1.linux64_1.0.100.202403111256/tools/bin/../lib/gcc/arm-none-eabi/12.3.1/thumb/v7e-m/nofp/crti.o
 .ARM.attributes
                0x0000001e       0x2e /opt/st/stm32cubeide_1.15.0/plugins/com.st.stm32cube.ide.mcu.externaltools.gnu-tools-for-stm32.12.3.rel1.linux64_1.0.100.202403111256/tools/bin/../lib/gcc/arm-none-eabi/12.3.1/thumb/v7e-m/nofp/crtbegin.o
 .ARM.attributes
                0x0000004c       0x2e ./Src/eeprom.o
 .ARM.attributes
                0x0000007a       0x2e ./Src/i2c.o
 .ARM.attributes
                0x000000a8       0x2e ./Src/main.o
 .ARM.attributes
                0x000000d6       0x2e ./Src/system_stm32f4xx.o
 .ARM.attributes
                0x00000104       0x2e ./Src/uart.o
 .ARM.attributes
                0x00000132       0x21 ./Startup/startup_stm32f407vgtx.o
 .ARM.attributes
                0x00000153       0x2e /opt/st/stm32cubeide_1.15.0/plugins/com.st.stm32cube.ide.mcu.externaltools.gnu-tools-for-stm32.12.3.rel1.linux64_1.0.100.202403111256/tools/bin/../lib/gcc/arm-none-eabi/12.3.1/../../../../arm-none-eabi/lib/thumb/v7e-m/nofp/libc_nano.a(libc_a-init.o)
 .ARM.attributes
                0x00000181       0x1e /opt/st/stm32cubeide_1.15.0/plugins/com.st.stm32cube.ide.mcu.externaltools.gnu-tools-for-stm32.12.3.rel1.linux64_1.0.100.202403111256/tools/bin/../lib/gcc/arm-none-eabi/12.3.1/thumb/v7e-m/nofp/crtn.o
OUTPUT(day8_1.elf elf32-littlearm)
LOAD linker stubs
LOAD /opt/st/stm32cubeide_1.15.0/plugins/com.st.stm32cube.ide.mcu.externaltools.gnu-tools-for-stm32.12.3.rel1.linux64_1.0.100.202403111256/tools/bin/../lib/gcc/arm-none-eabi/12.3.1/../../../../arm-none-eabi/lib/thumb/v7e-m/nofp/libc.a
LOAD /opt/st/stm32cubeide_1.15.0/plugins/com.st.stm32cube.ide.mcu.externaltools.gnu-tools-for-stm32.12.3.rel1.linux64_1.0.100.202403111256/tools/bin/../lib/gcc/arm-none-eabi/12.3.1/../../../../arm-none-eabi/lib/thumb/v7e-m/nofp/libm.a
LOAD /opt/st/stm32cubeide_1.15.0/plugins/com.st.stm32cube.ide.mcu.externaltools.gnu-tools-for-stm32.12.3.rel1.linux64_1.0.100.202403111256/tools/bin/../lib/gcc/arm-none-eabi/12.3.1/thumb/v7e-m/nofp/libgcc.a

.debug_info     0x00000000     0x1388
 .debug_info    0x00000000      0x214 ./Src/eeprom.o
 .debug_info    0x00000214      0x644 ./Src/i2c.o
 .debug_info    0x00000858      0x1b4 ./Src/main.o
 .debug_info    0x00000a0c      0x53c ./Src/system_stm32f4xx.o
 .debug_info    0x00000f48      0x410 ./Src/uart.o
 .debug_info    0x00001358       0x30 ./Startup/startup_stm32f407vgtx.o

.debug_abbrev   0x00000000      0x652
 .debug_abbrev  0x00000000      0x132 ./Src/eeprom.o
 .debug_abbrev  0x00000132      0x17f ./Src/i2c.o
 .debug_abbrev  0x000002b1       0xdc ./Src/main.o
 .debug_abbrev  0x0000038d      0x158 ./Src/system_stm32f4xx.o
 .debug_abbrev  0x000004e5      0x149 ./Src/uart.o
 .debug_abbrev  0x0000062e       0x24 ./Startup/startup_stm32f407vgtx.o

.debug_aranges  0x00000000      0x158
 .debug_aranges
                0x00000000       0x30 ./Src/eeprom.o
 .debug_aranges
                0x00000030       0x68 ./Src/i2c.o
 .debug_aranges
                0x00000098       0x20 ./Src/main.o
 .debug_aranges
                0x000000b8       0x38 ./Src/system_stm32f4xx.o
 .debug_aranges
                0x000000f0       0x40 ./Src/uart.o
 .debug_aranges
                0x00000130       0x28 ./Startup/startup_stm32f407vgtx.o

.debug_rnglists
                0x00000000       0xe8
 .debug_rnglists
                0x00000000       0x1f ./Src/eeprom.o
 .debug_rnglists
                0x0000001f       0x4a ./Src/i2c.o
 .debug_rnglists
                0x00000069       0x14 ./Src/main.o
 .debug_rnglists
                0x0000007d       0x26 ./Src/system_stm32f4xx.o
 .debug_rnglists
                0x000000a3       0x2c ./Src/uart.o
 .debug_rnglists
                0x000000cf       0x19 ./Startup/startup_stm32f407vgtx.o

.debug_macro    0x00000000    0x190fc
 .debug_macro   0x00000000       0xeb ./Src/eeprom.o
 .debug_macro   0x000000eb      0xab4 ./Src/eeprom.o
 .debug_macro   0x00000b9f       0x2e ./Src/eeprom.o
 .debug_macro   0x00000bcd       0x2f ./Src/eeprom.o
 .debug_macro   0x00000bfc       0x22 ./Src/eeprom.o
 .debug_macro   0x00000c1e       0x8e ./Src/eeprom.o
 .debug_macro   0x00000cac       0x51 ./Src/eeprom.o
 .debug_macro   0x00000cfd      0x103 ./Src/eeprom.o
 .debug_macro   0x00000e00       0x6a ./Src/eeprom.o
 .debug_macro   0x00000e6a      0x1df ./Src/eeprom.o
 .debug_macro   0x00001049       0x1c ./Src/eeprom.o
 .debug_macro   0x00001065       0x22 ./Src/eeprom.o
 .debug_macro   0x00001087       0xd9 ./Src/eeprom.o
 .debug_macro   0x00001160     0x102d ./Src/eeprom.o
 .debug_macro   0x0000218d      0x11f ./Src/eeprom.o
 .debug_macro   0x000022ac       0x11 ./Src/eeprom.o
 .debug_macro   0x000022bd    0x15e3c ./Src/eeprom.o
 .debug_macro   0x000180f9       0x4a ./Src/eeprom.o
 .debug_macro   0x00018143       0x10 ./Src/eeprom.o
 .debug_macro   0x00018153       0x10 ./Src/eeprom.o
 .debug_macro   0x00018163       0xdc ./Src/i2c.o
 .debug_macro   0x0001823f      0x1dd ./Src/main.o
 .debug_macro   0x0001841c       0x61 ./Src/main.o
 .debug_macro   0x0001847d       0x24 ./Src/main.o
 .debug_macro   0x000184a1       0x43 ./Src/main.o
 .debug_macro   0x000184e4       0x34 ./Src/main.o
 .debug_macro   0x00018518       0x16 ./Src/main.o
 .debug_macro   0x0001852e       0x9e ./Src/main.o
 .debug_macro   0x000185cc      0x369 ./Src/main.o
 .debug_macro   0x00018935      0x10b ./Src/main.o
 .debug_macro   0x00018a40       0x10 ./Src/main.o
 .debug_macro   0x00018a50       0x16 ./Src/main.o
 .debug_macro   0x00018a66       0x43 ./Src/main.o
 .debug_macro   0x00018aa9       0x34 ./Src/main.o
 .debug_macro   0x00018add       0x10 ./Src/main.o
 .debug_macro   0x00018aed       0x58 ./Src/main.o
 .debug_macro   0x00018b45       0x8e ./Src/main.o
 .debug_macro   0x00018bd3       0x1c ./Src/main.o
 .debug_macro   0x00018bef      0x177 ./Src/main.o
 .debug_macro   0x00018d66       0x16 ./Src/main.o
 .debug_macro   0x00018d7c       0x16 ./Src/main.o
 .debug_macro   0x00018d92      0x146 ./Src/main.o
 .debug_macro   0x00018ed8       0x2e ./Src/main.o
 .debug_macro   0x00018f06       0xe0 ./Src/system_stm32f4xx.o
 .debug_macro   0x00018fe6       0xee ./Src/uart.o
 .debug_macro   0x000190d4       0x28 ./Src/uart.o

.debug_line     0x00000000     0x1b24
 .debug_line    0x00000000      0x4a2 ./Src/eeprom.o
 .debug_line    0x000004a2      0x674 ./Src/i2c.o
 .debug_line    0x00000b16      0x579 ./Src/main.o
 .debug_line    0x0000108f      0x4d6 ./Src/system_stm32f4xx.o
 .debug_line    0x00001565      0x544 ./Src/uart.o
 .debug_line    0x00001aa9       0x7b ./Startup/startup_stm32f407vgtx.o

.debug_str      0x00000000    0x8b8df
 .debug_str     0x00000000    0x87aa2 ./Src/eeprom.o
                              0x87c18 (size before relaxing)
 .debug_str     0x00087aa2      0x21a ./Src/i2c.o
                              0x87dcf (size before relaxing)
 .debug_str     0x00087cbc     0x3aa5 ./Src/main.o
                              0x8b6bc (size before relaxing)
 .debug_str     0x0008b761       0xee ./Src/system_stm32f4xx.o
                              0x87db4 (size before relaxing)
 .debug_str     0x0008b84f       0x51 ./Src/uart.o
                              0x87d35 (size before relaxing)
 .debug_str     0x0008b8a0       0x3f ./Startup/startup_stm32f407vgtx.o
                                 0x74 (size before relaxing)

.comment        0x00000000       0x43
 .comment       0x00000000       0x43 ./Src/eeprom.o
                                 0x44 (size before relaxing)
 .comment       0x00000043       0x44 ./Src/i2c.o
 .comment       0x00000043       0x44 ./Src/main.o
 .comment       0x00000043       0x44 ./Src/system_stm32f4xx.o
 .comment       0x00000043       0x44 ./Src/uart.o

.debug_frame    0x00000000      0x3a8
 .debug_frame   0x00000000       0x80 ./Src/eeprom.o
 .debug_frame   0x00000080      0x178 ./Src/i2c.o
 .debug_frame   0x000001f8       0x30 ./Src/main.o
 .debug_frame   0x00000228       0x84 ./Src/system_stm32f4xx.o
 .debug_frame   0x000002ac       0xd0 ./Src/uart.o
 .debug_frame   0x0000037c       0x2c /opt/st/stm32cubeide_1.15.0/plugins/com.st.stm32cube.ide.mcu.externaltools.gnu-tools-for-stm32.12.3.rel1.linux64_1.0.100.202403111256/tools/bin/../lib/gcc/arm-none-eabi/12.3.1/../../../../arm-none-eabi/lib/thumb/v7e-m/nofp/libc_nano.a(libc_a-init.o)

.debug_loclists
                0x00000000       0x1f
 .debug_loclists
                0x00000000       0x1f ./Src/system_stm32f4xx.o

.debug_line_str
                0x00000000       0x58
 .debug_line_str
                0x00000000       0x58 ./Startup/startup_stm32f407vgtx.o
